
Table dropped.


Table dropped.


Table dropped.


Table dropped.


Table dropped.


Table dropped.


Table dropped.


Sequence dropped.


Sequence dropped.

DROP trigger TR_new_shoe_IN
*
ERROR at line 1:
ORA-04080: trigger 'TR_NEW_SHOE_IN' does not exist 


DROP trigger TR_new_handbag_IN
*
ERROR at line 1:
ORA-04080: trigger 'TR_NEW_HANDBAG_IN' does not exist 



Table created.


Table created.


Table created.


Table created.


Table created.


Table created.


Table created.


Sequence created.


Sequence created.


Trigger created.


Trigger created.


Procedure created.


Procedure created.


1 row created.


1 row created.


1 row created.


1 row created.


1 row created.


1 row created.


1 row created.


1 row created.


1 row created.


1 row created.


1 row created.


1 row created.


1 row created.


1 row created.


1 row created.


1 row created.


1 row created.


1 row created.


1 row created.


1 row created.


1 row created.


1 row created.


1 row created.


1 row created.


1 row created.


1 row created.


1 row created.


1 row created.


1 row created.


1 row created.


1 row created.


1 row created.


1 row created.


1 row created.


1 row created.


1 row created.


1 row created.


1 row created.


1 row created.


1 row created.


1 row created.


1 row created.


1 row created.


1 row created.


1 row created.


1 row created.


1 row created.


1 row created.


1 row created.


1 row created.


1 row created.


1 row created.


1 row created.


1 row created.


1 row created.


1 row created.


1 row created.


1 row created.


1 row created.


1 row created.


1 row created.


1 row created.


1 row created.


1 row created.


1 row created.


1 row created.


1 row created.


1 row created.


1 row created.


1 row created.


1 row created.


1 row created.


1 row created.


1 row created.


1 row created.


1 row created.


1 row created.


1 row created.


1 row created.


1 row created.


1 row created.


1 row created.


1 row created.


1 row created.


1 row created.


1 row created.


1 row created.


1 row created.


1 row created.


1 row created.


1 row created.


1 row created.


1 row created.


1 row created.


1 row created.


1 row created.


1 row created.


1 row created.


1 row created.


1 row created.


    SHOEID SHOENAME                                                             
---------- --------------------------------------------------                   
SHOEBRAND                                                                       
--------------------------------------------------                              
SHOECOLOR                                                                       
--------------------------------------------------------------------------------
SHOETYPE                                                                        
--------------------------------------------------------------------------------
SHOEURL                                                                         
--------------------------------------------------------------------------------
         1 Chloe                                                                
Giuseppe Zanotti                                                                
black                                                                           

    SHOEID SHOENAME                                                             
---------- --------------------------------------------------                   
SHOEBRAND                                                                       
--------------------------------------------------                              
SHOECOLOR                                                                       
--------------------------------------------------------------------------------
SHOETYPE                                                                        
--------------------------------------------------------------------------------
SHOEURL                                                                         
--------------------------------------------------------------------------------
peep-toe boot                                                                   
images/giuseppe.jpg                                                             
                                                                                

    SHOEID SHOENAME                                                             
---------- --------------------------------------------------                   
SHOEBRAND                                                                       
--------------------------------------------------                              
SHOECOLOR                                                                       
--------------------------------------------------------------------------------
SHOETYPE                                                                        
--------------------------------------------------------------------------------
SHOEURL                                                                         
--------------------------------------------------------------------------------
         2 Romy                                                                 
Jimmy Choo                                                                      
brown                                                                           

    SHOEID SHOENAME                                                             
---------- --------------------------------------------------                   
SHOEBRAND                                                                       
--------------------------------------------------                              
SHOECOLOR                                                                       
--------------------------------------------------------------------------------
SHOETYPE                                                                        
--------------------------------------------------------------------------------
SHOEURL                                                                         
--------------------------------------------------------------------------------
pump                                                                            
https://cdna.lystit.com/photos/saksfifthavenue/0400089896636-brown-eeadc29b-.jpe
g                                                                               

    SHOEID SHOENAME                                                             
---------- --------------------------------------------------                   
SHOEBRAND                                                                       
--------------------------------------------------                              
SHOECOLOR                                                                       
--------------------------------------------------------------------------------
SHOETYPE                                                                        
--------------------------------------------------------------------------------
SHOEURL                                                                         
--------------------------------------------------------------------------------
                                                                                
         3 Nova                                                                 
Donald J Pliner                                                                 

    SHOEID SHOENAME                                                             
---------- --------------------------------------------------                   
SHOEBRAND                                                                       
--------------------------------------------------                              
SHOECOLOR                                                                       
--------------------------------------------------------------------------------
SHOETYPE                                                                        
--------------------------------------------------------------------------------
SHOEURL                                                                         
--------------------------------------------------------------------------------
orange                                                                          
knee boot                                                                       
images/nova.jpg                                                                 

    SHOEID SHOENAME                                                             
---------- --------------------------------------------------                   
SHOEBRAND                                                                       
--------------------------------------------------                              
SHOECOLOR                                                                       
--------------------------------------------------------------------------------
SHOETYPE                                                                        
--------------------------------------------------------------------------------
SHOEURL                                                                         
--------------------------------------------------------------------------------
                                                                                
         4 Odelia Bootie                                                        
Michael Kors                                                                    

    SHOEID SHOENAME                                                             
---------- --------------------------------------------------                   
SHOEBRAND                                                                       
--------------------------------------------------                              
SHOECOLOR                                                                       
--------------------------------------------------------------------------------
SHOETYPE                                                                        
--------------------------------------------------------------------------------
SHOEURL                                                                         
--------------------------------------------------------------------------------
brown                                                                           
peep-toe boot                                                                   
images/odelia.jpg                                                               

    SHOEID SHOENAME                                                             
---------- --------------------------------------------------                   
SHOEBRAND                                                                       
--------------------------------------------------                              
SHOECOLOR                                                                       
--------------------------------------------------------------------------------
SHOETYPE                                                                        
--------------------------------------------------------------------------------
SHOEURL                                                                         
--------------------------------------------------------------------------------
                                                                                
         5 Ailee                                                                
Michael Kors                                                                    

    SHOEID SHOENAME                                                             
---------- --------------------------------------------------                   
SHOEBRAND                                                                       
--------------------------------------------------                              
SHOECOLOR                                                                       
--------------------------------------------------------------------------------
SHOETYPE                                                                        
--------------------------------------------------------------------------------
SHOEURL                                                                         
--------------------------------------------------------------------------------
black                                                                           
knee boot                                                                       
images/mkboot.jpg                                                               

    SHOEID SHOENAME                                                             
---------- --------------------------------------------------                   
SHOEBRAND                                                                       
--------------------------------------------------                              
SHOECOLOR                                                                       
--------------------------------------------------------------------------------
SHOETYPE                                                                        
--------------------------------------------------------------------------------
SHOEURL                                                                         
--------------------------------------------------------------------------------
                                                                                
         6 New York Bless-ed                                                    
Kenneth Cole                                                                    

    SHOEID SHOENAME                                                             
---------- --------------------------------------------------                   
SHOEBRAND                                                                       
--------------------------------------------------                              
SHOECOLOR                                                                       
--------------------------------------------------------------------------------
SHOETYPE                                                                        
--------------------------------------------------------------------------------
SHOEURL                                                                         
--------------------------------------------------------------------------------
black                                                                           
knee boot                                                                       
http://highheelsdaily.com/wp-content/uploads/2014/01/Kenneth-Cole-boots.jpg     

    SHOEID SHOENAME                                                             
---------- --------------------------------------------------                   
SHOEBRAND                                                                       
--------------------------------------------------                              
SHOECOLOR                                                                       
--------------------------------------------------------------------------------
SHOETYPE                                                                        
--------------------------------------------------------------------------------
SHOEURL                                                                         
--------------------------------------------------------------------------------
                                                                                
         7 Brinkley                                                             
Michael Kors                                                                    

    SHOEID SHOENAME                                                             
---------- --------------------------------------------------                   
SHOEBRAND                                                                       
--------------------------------------------------                              
SHOECOLOR                                                                       
--------------------------------------------------------------------------------
SHOETYPE                                                                        
--------------------------------------------------------------------------------
SHOEURL                                                                         
--------------------------------------------------------------------------------
black                                                                           
ankle strap                                                                     
images/brinkley.jpeg                                                            

    SHOEID SHOENAME                                                             
---------- --------------------------------------------------                   
SHOEBRAND                                                                       
--------------------------------------------------                              
SHOECOLOR                                                                       
--------------------------------------------------------------------------------
SHOETYPE                                                                        
--------------------------------------------------------------------------------
SHOEURL                                                                         
--------------------------------------------------------------------------------
                                                                                
         8 My Best Ever                                                         
Luichiny                                                                        

    SHOEID SHOENAME                                                             
---------- --------------------------------------------------                   
SHOEBRAND                                                                       
--------------------------------------------------                              
SHOECOLOR                                                                       
--------------------------------------------------------------------------------
SHOETYPE                                                                        
--------------------------------------------------------------------------------
SHOEURL                                                                         
--------------------------------------------------------------------------------
maroon                                                                          
stiletto                                                                        
http://static3.heels.com/images/shoes/double_view/thumbnail/ZLUI668_DOUBLETHUMB.

    SHOEID SHOENAME                                                             
---------- --------------------------------------------------                   
SHOEBRAND                                                                       
--------------------------------------------------                              
SHOECOLOR                                                                       
--------------------------------------------------------------------------------
SHOETYPE                                                                        
--------------------------------------------------------------------------------
SHOEURL                                                                         
--------------------------------------------------------------------------------
jpg                                                                             
                                                                                
         9 Classic Short II Leather                                             

    SHOEID SHOENAME                                                             
---------- --------------------------------------------------                   
SHOEBRAND                                                                       
--------------------------------------------------                              
SHOECOLOR                                                                       
--------------------------------------------------------------------------------
SHOETYPE                                                                        
--------------------------------------------------------------------------------
SHOEURL                                                                         
--------------------------------------------------------------------------------
UGG                                                                             
brown                                                                           
half boot                                                                       

    SHOEID SHOENAME                                                             
---------- --------------------------------------------------                   
SHOEBRAND                                                                       
--------------------------------------------------                              
SHOECOLOR                                                                       
--------------------------------------------------------------------------------
SHOETYPE                                                                        
--------------------------------------------------------------------------------
SHOEURL                                                                         
--------------------------------------------------------------------------------
https://az603552.vo.msecnd.net/images-prod/Products/3481-00736-6559-019.jpg     
                                                                                
        10 Clara                                                                

    SHOEID SHOENAME                                                             
---------- --------------------------------------------------                   
SHOEBRAND                                                                       
--------------------------------------------------                              
SHOECOLOR                                                                       
--------------------------------------------------------------------------------
SHOETYPE                                                                        
--------------------------------------------------------------------------------
SHOEURL                                                                         
--------------------------------------------------------------------------------
Michael Kors                                                                    
burgundy                                                                        
knee boot                                                                       

    SHOEID SHOENAME                                                             
---------- --------------------------------------------------                   
SHOEBRAND                                                                       
--------------------------------------------------                              
SHOECOLOR                                                                       
--------------------------------------------------------------------------------
SHOETYPE                                                                        
--------------------------------------------------------------------------------
SHOEURL                                                                         
--------------------------------------------------------------------------------
https://cdnb.lystit.com/200/250/tr/photos/7364-2015/08/01/michael-kors-merlot-cl
ara-leather-and-suede-boot-purple-product-1-677614193-normal.jpeg               
                                                                                

    SHOEID SHOENAME                                                             
---------- --------------------------------------------------                   
SHOEBRAND                                                                       
--------------------------------------------------                              
SHOECOLOR                                                                       
--------------------------------------------------------------------------------
SHOETYPE                                                                        
--------------------------------------------------------------------------------
SHOEURL                                                                         
--------------------------------------------------------------------------------
        11 Britton                                                              
Calvin Klein                                                                    
black                                                                           

    SHOEID SHOENAME                                                             
---------- --------------------------------------------------                   
SHOEBRAND                                                                       
--------------------------------------------------                              
SHOECOLOR                                                                       
--------------------------------------------------------------------------------
SHOETYPE                                                                        
--------------------------------------------------------------------------------
SHOEURL                                                                         
--------------------------------------------------------------------------------
knee boot                                                                       
https://s-media-cache-ak0.pinimg.com/564x/81/b0/19/81b019bbbf9238adff0dc8769b2be
ca5.jpg                                                                         

    SHOEID SHOENAME                                                             
---------- --------------------------------------------------                   
SHOEBRAND                                                                       
--------------------------------------------------                              
SHOECOLOR                                                                       
--------------------------------------------------------------------------------
SHOETYPE                                                                        
--------------------------------------------------------------------------------
SHOEURL                                                                         
--------------------------------------------------------------------------------
                                                                                

11 rows selected.


 HANDBAGID HANDBAGNAME                                                          
---------- --------------------------------------------------                   
HANDBAGBRAND                                                                    
--------------------------------------------------                              
HANDBAGCOLOR                                                                    
--------------------------------------------------------------------------------
HANDBAGURL                                                                      
--------------------------------------------------------------------------------
         1 Alix                                                                 
Tom Ford                                                                        
cream                                                                           
https://s-media-cache-ak0.pinimg.com/564x/94/71/67/947167cb534d9a4e0e11cab43f27b
74e.jpg                                                                         

 HANDBAGID HANDBAGNAME                                                          
---------- --------------------------------------------------                   
HANDBAGBRAND                                                                    
--------------------------------------------------                              
HANDBAGCOLOR                                                                    
--------------------------------------------------------------------------------
HANDBAGURL                                                                      
--------------------------------------------------------------------------------
                                                                                
         2 Braided Grommet Bag                                                  
Michael Kors                                                                    
brown                                                                           
https://cdnc.lystit.com/photos/2012/12/04/michael-kors-natural-gold-michael-shou

 HANDBAGID HANDBAGNAME                                                          
---------- --------------------------------------------------                   
HANDBAGBRAND                                                                    
--------------------------------------------------                              
HANDBAGCOLOR                                                                    
--------------------------------------------------------------------------------
HANDBAGURL                                                                      
--------------------------------------------------------------------------------
lder-bag-braided-grommet-large-product-1-5723570-827928830.jpeg                 
                                                                                
         3 Devon                                                                
Michael Kors                                                                    
cream                                                                           

 HANDBAGID HANDBAGNAME                                                          
---------- --------------------------------------------------                   
HANDBAGBRAND                                                                    
--------------------------------------------------                              
HANDBAGCOLOR                                                                    
--------------------------------------------------------------------------------
HANDBAGURL                                                                      
--------------------------------------------------------------------------------
https://s-media-cache-ak0.pinimg.com/564x/19/4f/42/194f4283f62e60ec48f3af2fe4365
0f5.jpg                                                                         
                                                                                
         4 Stevie                                                               
Hobobags                                                                        

 HANDBAGID HANDBAGNAME                                                          
---------- --------------------------------------------------                   
HANDBAGBRAND                                                                    
--------------------------------------------------                              
HANDBAGCOLOR                                                                    
--------------------------------------------------------------------------------
HANDBAGURL                                                                      
--------------------------------------------------------------------------------
orange                                                                          
http://cdn02.hobo.weblinc-cdn.com/product_images/hobo-designer-wallet-stevie-vin
tage-leather/grenadine/579fe6aa46fc140ca8000a09/small_thumb.jpg?c=1472662841    
                                                                                
         5 Brett Tote                                                           

 HANDBAGID HANDBAGNAME                                                          
---------- --------------------------------------------------                   
HANDBAGBRAND                                                                    
--------------------------------------------------                              
HANDBAGCOLOR                                                                    
--------------------------------------------------------------------------------
HANDBAGURL                                                                      
--------------------------------------------------------------------------------
Vince Camuto                                                                    
gray                                                                            
https://s-media-cache-ak0.pinimg.com/564x/7a/e7/87/7ae78782fc7a375296408959fa206
752.jpg                                                                         
                                                                                

 HANDBAGID HANDBAGNAME                                                          
---------- --------------------------------------------------                   
HANDBAGBRAND                                                                    
--------------------------------------------------                              
HANDBAGCOLOR                                                                    
--------------------------------------------------------------------------------
HANDBAGURL                                                                      
--------------------------------------------------------------------------------
         6 Ramona                                                               
Donald J Pliner                                                                 
brown                                                                           
https://s-media-cache-ak0.pinimg.com/564x/96/b3/f1/96b3f1788d205879d5f43bb19fe11
a80.jpg                                                                         

 HANDBAGID HANDBAGNAME                                                          
---------- --------------------------------------------------                   
HANDBAGBRAND                                                                    
--------------------------------------------------                              
HANDBAGCOLOR                                                                    
--------------------------------------------------------------------------------
HANDBAGURL                                                                      
--------------------------------------------------------------------------------
                                                                                
         7 Layton                                                               
Michael Kors                                                                    
cream                                                                           
https://s-media-cache-ak0.pinimg.com/564x/0e/a9/81/0ea9812c2c6c69d0375d2eb03ae07

 HANDBAGID HANDBAGNAME                                                          
---------- --------------------------------------------------                   
HANDBAGBRAND                                                                    
--------------------------------------------------                              
HANDBAGCOLOR                                                                    
--------------------------------------------------------------------------------
HANDBAGURL                                                                      
--------------------------------------------------------------------------------
d65.jpg                                                                         
                                                                                
         8 All T                                                                
Tory Burch                                                                      
brown                                                                           

 HANDBAGID HANDBAGNAME                                                          
---------- --------------------------------------------------                   
HANDBAGBRAND                                                                    
--------------------------------------------------                              
HANDBAGCOLOR                                                                    
--------------------------------------------------------------------------------
HANDBAGURL                                                                      
--------------------------------------------------------------------------------
https://s-media-cache-ak0.pinimg.com/564x/5a/cd/74/5acd74f1c45a6d0479d52467f3273
6ee.jpg                                                                         
                                                                                

8 rows selected.


UNAME                    SHOEID                                                 
-------------------- ----------                                                 
admin                         1                                                 
admin                         2                                                 
admin                         3                                                 
admin                         4                                                 
admin                         5                                                 
admin                         6                                                 
admin                         7                                                 
admin                         8                                                 
admin                         9                                                 
admin                        10                                                 
admin                        11                                                 

UNAME                    SHOEID                                                 
-------------------- ----------                                                 
user                          1                                                 
user                          2                                                 
user                          6                                                 
user                          7                                                 
user                          8                                                 

16 rows selected.


UNAME                 HANDBAGID                                                 
-------------------- ----------                                                 
admin                         1                                                 
admin                         2                                                 
admin                         3                                                 
admin                         4                                                 
admin                         5                                                 
admin                         6                                                 
admin                         7                                                 
admin                         8                                                 
user                          1                                                 
user                          2                                                 
user                          3                                                 

UNAME                 HANDBAGID                                                 
-------------------- ----------                                                 
user                          8                                                 

12 rows selected.


UNAME                FNAME                LNAME                                 
-------------------- -------------------- --------------------                  
PWD                  USERVIEW                                                   
-------------------- --------------------                                       
user                 User1                Lastname                              
super1               all                                                        
                                                                                
admin                Admin                Admin                                 
super1               all                                                        
                                                                                
none                 None                 None                                  
super1               all                                                        
                                                                                


DESCR                                                                           
--------------------------------------------------------------------------------
ankle strap                                                                     
ankle wrap                                                                      
ankle boot                                                                      
block heel                                                                      
dorsay                                                                          
espadrilles                                                                     
flats                                                                           
gladiator                                                                       
half boot                                                                       
knee boot                                                                       
mary jane                                                                       

DESCR                                                                           
--------------------------------------------------------------------------------
mule                                                                            
other                                                                           
peep-toe                                                                        
peep-toe boot                                                                   
peep-toe pump                                                                   
platform                                                                        
pointed-toe                                                                     
pump                                                                            
rounded-toe                                                                     
sandal                                                                          
slide                                                                           

DESCR                                                                           
--------------------------------------------------------------------------------
slingback                                                                       
sneakers                                                                        
spectators                                                                      
stiletto                                                                        
t-strap                                                                         
thigh boots                                                                     
thong                                                                           
wedge                                                                           

30 rows selected.


COLORS                                                                          
------------------------------                                                  
black                                                                           
blue                                                                            
brown                                                                           
clear                                                                           
cream                                                                           
gold                                                                            
gray                                                                            
green                                                                           
maroon                                                                          
multi                                                                           
orange                                                                          

COLORS                                                                          
------------------------------                                                  
other                                                                           
pink                                                                            
purple                                                                          
red                                                                             
rose gold                                                                       
silver                                                                          
white                                                                           
yellow                                                                          
burgundy                                                                        

20 rows selected.


   CURRVAL                                                                      
----------                                                                      
        11                                                                      


   CURRVAL                                                                      
----------                                                                      
         8                                                                      


Commit complete.

